// Jest Snapshot v1, https://goo.gl/fbAQLP

exports[`<Title matches the snapshot 1`] = `
<DocumentFragment>
  .c0 {
  text-align: center;
}

.c0 .title__text {
  text-transform: uppercase;
  font-weight: 300;
  margin-bottom: 0.2em;
}

<div
    class="c0"
  >
    <h1
      class="title__text"
    />
  </div>
</DocumentFragment>
`;
